
c:\Dropbox\Git\study\git_training\step_01>git add README.md

c:\Dropbox\Git\study\git_training\step_01>git status
On branch master

No commits yet

Changes to be committed:
  (use "git rm --cached <file>..." to unstage)

        new file:   README.md


c:\Dropbox\Git\study\git_training\step_01>

# add된 상태에서 그 파일을 수정하고 확인

c:\Dropbox\Git\study\git_training\step_01>git status
On branch master

No commits yet

Changes to be committed:
  (use "git rm --cached <file>..." to unstage)

        new file:   README.md

Changes not staged for commit:
  (use "git add <file>..." to update what will be committed)
  (use "git checkout -- <file>..." to discard changes in working directory)

        modified:   README.md


c:\Dropbox\Git\study\git_training\step_01>git add README.md

c:\Dropbox\Git\study\git_training\step_01>git status
On branch master

No commits yet

Changes to be committed:
  (use "git rm --cached <file>..." to unstage)

        new file:   README.md

c:\Dropbox\Git\study\git_training\step_01>git commit -m "git trainig first commit"
[master (root-commit) 903fbc8] git trainig first commit
 1 file changed, 50 insertions(+)
 create mode 100644 README.md

c:\Dropbox\Git\study\git_training\step_01>git shortlog
HEO\Heo (1):
      git trainig first commit

# 변경되거나 새로 추가된 경우에도 git status는 해당 부분을 확인해 준다.

c:\Dropbox\Git\study\git_training\step_01>git status
On branch master
Changes not staged for commit:
  (use "git add <file>..." to update what will be committed)
  (use "git checkout -- <file>..." to discard changes in working directory)

        modified:   README.md

Untracked files:
  (use "git add <file>..." to include in what will be committed)

        01. git_trainig.txt

no changes added to commit (use "git add" and/or "git commit -a")

# 파일들의 각각 변경전후 내용을 확인할 수 있다.
c:\Dropbox\Git\study\git_training\step_01>git show
# 파일들의 최신의 기록된 역사와 현재의 차이를 확인할 수 있다.
c:\Dropbox\Git\study\git_training\step_01>git diff